quant format: Fp8 (8 bits)
optimizer: Muon+ ColRow ns=8 + head-wise Muon q/k + Adam wd0 (tables) + AdamW (rest) [muon=15 qk=4 tables=1 rest=41]
dormouse pretrain nano params=4932427 steps=2000 data="/mnt/e43497ab-0ff2-45b4-b45f-28de3339a53e/aria_data/pretrain/mix/rudialog" lr=0.0001 backend=cuda(autodiff)
warmup done
step      0 ce=5.135 bpb=7.409 best=5.135 lr=0.00e0 
ckpt nano.bin saved step 0
step     50 ce=4.486 bpb=6.472 best=4.486 lr=1.00e-4 
step    100 ce=1.897 bpb=2.737 best=1.897 lr=1.00e-4 
step    150 ce=0.588 bpb=0.848 best=0.588 lr=1.00e-4 
step    200 ce=0.246 bpb=0.355 best=0.246 lr=1.00e-4 
step    250 ce=0.112 bpb=0.162 best=0.112 lr=1.00e-4 
step    300 ce=0.063 bpb=0.091 best=0.063 lr=1.00e-4 
step    350 ce=0.045 bpb=0.064 best=0.045 lr=1.00e-4 
step    400 ce=0.034 bpb=0.049 best=0.034 lr=1.00e-4 
step    450 ce=0.025 bpb=0.036 best=0.025 lr=1.00e-4 
step    500 ce=0.016 bpb=0.024 best=0.016 lr=1.00e-4 
step    500 EVAL ce=5.462 bpb=7.880
ckpt nano.bin saved step 500
step    550 ce=0.016 bpb=0.023 best=0.016 lr=1.00e-4 
step    600 ce=0.014 bpb=0.020 best=0.014 lr=1.00e-4 
step    650 ce=0.012 bpb=0.017 best=0.012 lr=1.00e-4 
step    700 ce=0.011 bpb=0.016 best=0.011 lr=1.00e-4 
step    750 ce=0.009 bpb=0.013 best=0.009 lr=1.00e-4 
step    800 ce=0.008 bpb=0.012 best=0.008 lr=1.00e-4 
step    850 ce=0.007 bpb=0.010 best=0.007 lr=1.00e-4 
step    900 ce=0.006 bpb=0.009 best=0.006 lr=1.00e-4 
step    950 ce=0.006 bpb=0.008 best=0.006 lr=1.00e-4 
step   1000 ce=0.005 bpb=0.007 best=0.005 lr=1.00e-4 
step   1000 EVAL ce=5.459 bpb=7.875
ckpt nano.bin saved step 1000
step   1050 ce=0.004 bpb=0.006 best=0.004 lr=1.00e-4 
step   1100 ce=0.004 bpb=0.006 best=0.004 lr=1.00e-4 
step   1150 ce=0.004 bpb=0.006 best=0.004 lr=1.00e-4 
step   1200 ce=0.004 bpb=0.006 best=0.004 lr=1.00e-4 
step   1250 ce=0.003 bpb=0.005 best=0.003 lr=1.00e-4 
step   1300 ce=0.003 bpb=0.004 best=0.003 lr=1.00e-4 
step   1350 ce=0.003 bpb=0.004 best=0.003 lr=1.00e-4 
step   1400 ce=0.003 bpb=0.004 best=0.003 lr=1.00e-4 
step   1450 ce=0.002 bpb=0.003 best=0.002 lr=1.00e-4 
step   1500 ce=0.002 bpb=0.003 best=0.002 lr=1.00e-4 
step   1500 EVAL ce=5.479 bpb=7.904
ckpt nano.bin saved step 1500
step   1550 ce=0.003 bpb=0.004 best=0.002 lr=1.00e-4 
step   1600 ce=0.002 bpb=0.004 best=0.002 lr=1.00e-4 
step   1650 ce=0.002 bpb=0.003 best=0.002 lr=8.18e-5 
step   1700 ce=0.002 bpb=0.003 best=0.002 lr=6.50e-5 
step   1750 ce=0.002 bpb=0.004 best=0.002 lr=4.94e-5 
step   1800 ce=0.002 bpb=0.002 best=0.002 lr=3.54e-5 
step   1850 ce=0.002 bpb=0.002 best=0.002 lr=2.30e-5 
step   1900 ce=0.002 bpb=0.002 best=0.002 lr=1.25e-5 
step   1950 ce=0.002 bpb=0.003 best=0.002 lr=4.42e-6 
done steps=2000 best ce=0.002
